[www.chime.com/applyggspotme/index6720.html]
[cdn.optimizely.com/js/10884761176.js]
[backblue.gif]
[fade.gif]
[index.html]
[www.chime.com/wp-content/uploads/autoptimize/css/autoptimize_61abef40d4fa4f9428f8e2cd04acd0c4.css]
[www.chime.com/wp-content/uploads/2018/03/favicon.png]
[s.yimg.com/wi/ytc.js]
[www.chime.com/wp-content/uploads/2020/01/splash-homescreen-2020-SpotMe-3.gif]
[emojipedia-us.s3.amazonaws.com/thumbs/60/microsoft/54/heavy-check-mark_2714.png]
[www.chime.com/wp-content/uploads/2019/03/Untitled-1.png]
[www.chime.com/wp-content/uploads/2018/03/cal-1.png]
[www.chime.com/wp-content/uploads/2018/03/No-Fees-1-2.png]
[www.chime.com/wp-content/uploads/2018/03/SWIS-1.png]
[www.chime.com/wp-content/uploads/2018/02/Lock@2x.png]
[www.chime.com/wp-content/uploads/2018/03/Shield@2x-1.png]
[www.chime.com/wp-content/uploads/2018/02/Compass@2x.png]
[www.chime.com/wp-content/uploads/2018/02/Bell@2x.png]
[www.chime.com/wp-content/uploads/2018/02/Savings@2x.png]
[www.chime.com/wp-content/uploads/2018/02/Gold@2x.png]
[www.chime.com/applyggspotme/index6720.html]
[www.googletagmanager.com/gtm5445.html]
[www.chime.com/wp-content/uploads/autoptimize/css/autoptimize_61abef40d4fa4f9428f8e2cd04acd0c4.css]
[www.chime.com/wp-content/uploads/autoptimize/js/autoptimize_9943acf555465b618820f89d7acd24f5.js]
[www.chime.com/wp-content/uploads/autoptimize/js/autoptimize_9943acf555465b618820f89d7acd24f5.js]
